<html>
<body>
<pre>
<h1>µVision Build Log</h1>
<h2>Tool Versions:</h2>
IDE-Version: ¦ÌVision V5.41.0.0
Copyright (C) 2024 ARM Ltd and ARM Germany GmbH. All rights reserved.
License Information: dj DJ2438511335@outlook.com, dj, LIC=WHYH9-49MKU-WFWI7-E3LNG-0GQ90-GC7N8
 
Tool Versions:
Toolchain:       MDK-ARM Plus  Version: 5.41.0.0
Toolchain Path:  D:\keil5\ARM\ARMCC\Bin
C Compiler:      Armcc.exe V5.06 update 7 (build 960)
Assembler:       Armasm.exe V5.06 update 7 (build 960)
Linker/Locator:  ArmLink.exe V5.06 update 7 (build 960)
Library Manager: ArmAr.exe V5.06 update 7 (build 960)
Hex Converter:   FromElf.exe V5.06 update 7 (build 960)
CPU DLL:         SARMCM3.DLL V5.41.0.0
Dialog DLL:      DCM.DLL V1.17.5.0
Target DLL:      STLink\ST-LINKIII-KEIL_SWO.dll V3.3.0.0
Dialog DLL:      TCM.DLL V1.56.4.0
 
<h2>Project:</h2>
E:\STM32L431\07DS3231_test\MDK-ARM\STM32L431.uvprojx
Project File Date:  03/09/2025

<h2>Output:</h2>
*** Using Compiler 'V5.06 update 7 (build 960)', folder: 'D:\keil5\ARM\ARMCC\Bin'
Rebuild target 'STM32L431'
assembling startup_stm32l431xx.s...
compiling delay.c...
compiling rtc.c...
compiling gpio.c...
compiling SystemInfo.c...
compiling freertos.c...
compiling dma.c...
compiling adc.c...
compiling spi.c...
compiling test.c...
compiling main.c...
compiling sys.c...
compiling pwr_from.c...
compiling stm32l4xx_hal_flash_ramfunc.c...
compiling stm32l4xx_hal_rcc.c...
compiling stm32l4xx_hal_adc_ex.c...
compiling stm32l4xx_hal_timebase_tim.c...
compiling stm32l4xx_hal_rcc_ex.c...
compiling stm32l4xx_hal.c...
compiling stm32l4xx_hal_msp.c...
compiling stm32l4xx_hal_flash.c...
compiling stm32l4xx_hal_adc.c...
compiling usart.c...
compiling stm32l4xx_it.c...
compiling stm32l4xx_hal_flash_ex.c...
compiling stm32l4xx_hal_exti.c...
compiling stm32l4xx_hal_rtc.c...
compiling stm32l4xx_hal_gpio.c...
compiling stm32l4xx_hal_spi_ex.c...
compiling stm32l4xx_hal_pwr.c...
compiling stm32l4xx_hal_dma.c...
compiling stm32l4xx_hal_dma_ex.c...
compiling stm32l4xx_hal_cortex.c...
compiling stm32l4xx_hal_pwr_ex.c...
compiling stm32l4xx_hal_spi.c...
compiling stm32l4xx_hal_rtc_ex.c...
compiling stm32l4xx_hal_tim.c...
compiling system_stm32l4xx.c...
compiling font16.c...
compiling malloc.c...
compiling stm32l4xx_hal_tim_ex.c...
compiling stm32l4xx_hal_uart_ex.c...
compiling font24.c...
compiling AHT20.c...
compiling font48.c...
compiling Button.c...
compiling croutine.c...
compiling DEV_Config.c...
compiling ATcmd.c...
compiling stm32l4xx_hal_uart.c...
compiling DS3231.c...
compiling event_groups.c...
compiling W25QXX.c...
compiling list.c...
compiling queue.c...
compiling stream_buffer.c...
compiling timers.c...
compiling GUI_Paint.c...
..\HARDWARE\4PIN2EPD\GUI\GUI_Paint.c(1367): warning:  #550-D: variable "foffset"  was set but never used
  	unsigned long foffset; 
..\HARDWARE\4PIN2EPD\GUI\GUI_Paint.c: 1 warning, 0 errors
compiling heap_4.c...
compiling tasks.c...
compiling cmsis_os.c...
compiling port.c...
compiling gbkfont.c...
compiling EPD_Command.c...
compiling calendar.c...
linking...
Program Size: Code=52312 RO-data=18132 RW-data=528 ZI-data=55216  
FromELF: creating hex file...
"STM32L431\STM32L431.axf" - 0 Error(s), 1 Warning(s).

<h2>Software Packages used:</h2>

Package Vendor: ARM
                https://www.keil.com/pack/ARM.CMSIS.6.1.0.pack
                ARM::CMSIS@6.1.0
                CMSIS (Common Microcontroller Software Interface Standard)
   * Component: CORE Version: 6.1.0

Package Vendor: Keil
                https://www.keil.com/pack/Keil.STM32L4xx_DFP.3.0.0.pack
                Keil::STM32L4xx_DFP@3.0.0
                STMicroelectronics STM32L4 Series Device Support

<h2>Collection of Component include folders:</h2>
  ./RTE/_STM32L431
  D:/keil5/ARM/PACK/ARM/CMSIS/6.1.0/CMSIS/Core/Include

<h2>Collection of Component Files used:</h2>

   * Component: ARM::CMSIS:CORE@6.1.0
      Include file:  CMSIS/Core/Include/tz_context.h
Build Time Elapsed:  00:00:31
</pre>
</body>
</html>
