<html>
<body>
<pre>
<h1>µVision Build Log</h1>
<h2>Tool Versions:</h2>
IDE-Version: ¦ÌVision V5.38.0.0
Copyright (C) 2022 ARM Ltd and ARM Germany GmbH. All rights reserved.
License Information: 12 Administrator, 12, LIC=CZLZX-HY1WU-RANDM-XN1XY-U4XUM-FSS9E
 
Tool Versions:
Toolchain:       MDK-ARM Plus  Version: 5.41.0.0
Toolchain Path:  D:\mcu\Keil_v5\ARM\ARMCC\Bin
C Compiler:      Armcc.exe V5.06 update 7 (build 960)
Assembler:       Armasm.exe V5.06 update 7 (build 960)
Linker/Locator:  ArmLink.exe V5.06 update 7 (build 960)
Library Manager: ArmAr.exe V5.06 update 7 (build 960)
Hex Converter:   FromElf.exe V5.06 update 7 (build 960)
CPU DLL:         SARMCM3.DLL V5.41.0.0
Dialog DLL:      DCM.DLL V1.17.5.0
Target DLL:      STLink\ST-LINKIII-KEIL_SWO.dll V3.3.0.0
Dialog DLL:      TCM.DLL V1.56.4.0
 
<h2>Project:</h2>
C:\Users\Administrator\Desktop\github\stm32l431\00bootloader_test\bootloader\MDK-ARM\boot.uvprojx
Project File Date:  03/24/2025

<h2>Output:</h2>
*** Using Compiler 'V5.06 update 7 (build 960)', folder: 'D:\mcu\Keil_v5\ARM\ARMCC\Bin'
Build Project 'boot' - Target 'STM32L431'
assembling startup_stm32l431xx.s...
compiling dma.c...
compiling adc.c...
compiling stm32l4xx_hal_msp.c...
compiling stm32l4xx_hal_adc_ex.c...
compiling stm32l4xx_hal.c...
compiling spi.c...
compiling stm32l4xx_hal_timebase_tim.c...
compiling test.c...
compiling gpio.c...
compiling stm32l4xx_it.c...
compiling usart.c...
compiling delay.c...
compiling sys.c...
compiling bl.c...
compiling stm32l4xx_hal_adc.c...
compiling stm32l4xx_hal_rcc.c...
compiling main.c...
compiling freertos.c...
compiling stm32l4xx_hal_rcc_ex.c...
compiling stm32l4xx_hal_gpio.c...
compiling stm32l4xx_hal_flash_ramfunc.c...
compiling stm32l4xx_hal_flash.c...
compiling stm32l4xx_hal_dma.c...
compiling stm32l4xx_hal_flash_ex.c...
compiling font16.c...
compiling font24.c...
compiling font48.c...
compiling stm32l4xx_hal_dma_ex.c...
compiling stm32l4xx_hal_cortex.c...
compiling stm32l4xx_hal_pwr.c...
compiling croutine.c...
compiling event_groups.c...
compiling list.c...
compiling stm32l4xx_hal_uart.c...
compiling stm32l4xx_hal_spi.c...
compiling stream_buffer.c...
compiling queue.c...
compiling timers.c...
compiling heap_4.c...
compiling stm32l4xx_hal_exti.c...
compiling tasks.c...
compiling stm32l4xx_hal_uart_ex.c...
compiling stm32l4xx_hal_spi_ex.c...
compiling port.c...
compiling cmsis_os.c...
compiling W25QXX.c...
compiling stm32l4xx_hal_pwr_ex.c...
compiling stm32l4xx_hal_tim_ex.c...
compiling Button.c...
compiling system_stm32l4xx.c...
compiling stm32l4xx_hal_tim.c...
compiling malloc.c...
compiling ATcmd.c...
compiling EPD_Command.c...
compiling DEV_Config.c...
compiling gbkfont.c...
compiling GUI_Paint.c...
C:\Users\Administrator\Desktop\github\stm32l431\00bootloader_test\bootloader\HARDWARE\4PIN2EPD\GUI\GUI_Paint.c(1367): warning:  #550-D: variable "foffset"  was set but never used
  	unsigned long foffset; 
..\HARDWARE\4PIN2EPD\GUI\GUI_Paint.c: 1 warning, 0 errors
linking...
Program Size: Code=31580 RO-data=12472 RW-data=336 ZI-data=53032  
FromELF: creating hex file...
"STM32L431\boot.axf" - 0 Error(s), 1 Warning(s).

<h2>Software Packages used:</h2>

Package Vendor: ARM
                https://www.keil.com/pack/ARM.CMSIS.6.1.0.pack
                ARM.CMSIS.6.1.0
                CMSIS (Common Microcontroller Software Interface Standard)
   * Component: CORE Version: 6.1.0

Package Vendor: Keil
                https://www.keil.com/pack/Keil.STM32L4xx_DFP.3.0.0.pack
                Keil.STM32L4xx_DFP.3.0.0
                STMicroelectronics STM32L4 Series Device Support

<h2>Collection of Component include folders:</h2>
  ./RTE/_STM32L431
  D:/mcu/pack/ARM/CMSIS/6.1.0/CMSIS/Core/Include

<h2>Collection of Component Files used:</h2>

   * Component: ARM::CMSIS:CORE:6.1.0
      Include file:  CMSIS/Core/Include/tz_context.h
Build Time Elapsed:  00:00:37
</pre>
</body>
</html>
